  MKDIR     build/cc2538dk/obj/.deps
  CC        device_auth_main_footprint.c
  CC        /home/csp/Desktop/contiki-ng/arch/cpu/cc2538/cc2538.lds
  CC        device_auth.c
  CC        hkdf_sha256.c
  CC        sha256_impl.c
  CC        syscalls_stub.c
  CC        /home/csp/Desktop/contiki-ng/arch/platform/cc2538dk/dev/leds-arch.c
  CC        /home/csp/Desktop/contiki-ng/arch/platform/cc2538dk/./platform.c
  CC        /home/csp/Desktop/contiki-ng/os/lib/sensors.c
  CC        /home/csp/Desktop/contiki-ng/arch/platform/cc2538dk/dev/smartrf-sensors.c
  CC        /home/csp/Desktop/contiki-ng/arch/platform/cc2538dk/dev/board-buttons.c
  CC        /home/csp/Desktop/contiki-ng/arch/platform/cc2538dk/dev/als-sensor.c
  CC        /home/csp/Desktop/contiki-ng/arch/cpu/cc2538/./soc.c
  CC        /home/csp/Desktop/contiki-ng/arch/cpu/cc2538/./clock.c
  CC        /home/csp/Desktop/contiki-ng/arch/cpu/cc2538/./rtimer-arch.c
  CC        /home/csp/Desktop/contiki-ng/arch/cpu/cc2538/dev/uart.c
  CC        /home/csp/Desktop/contiki-ng/arch/cpu/cc2538/dev/watchdog.c
  CC        /home/csp/Desktop/contiki-ng/arch/cpu/cc2538/dev/nvic.c
  CC        /home/csp/Desktop/contiki-ng/arch/cpu/cc2538/dev/sys-ctrl.c
  CC        /home/csp/Desktop/contiki-ng/arch/cpu/cc2538/dev/gpio.c
  CC        /home/csp/Desktop/contiki-ng/arch/cpu/cc2538/dev/ioc.c
  CC        /home/csp/Desktop/contiki-ng/arch/cpu/cc2538/dev/spi-legacy.c
  CC        /home/csp/Desktop/contiki-ng/arch/cpu/cc2538/dev/adc.c
  CC        /home/csp/Desktop/contiki-ng/arch/cpu/cc2538/dev/spi-arch.c
  CC        /home/csp/Desktop/contiki-ng/arch/cpu/cc2538/dev/crypto.c
  CC        /home/csp/Desktop/contiki-ng/arch/cpu/cc2538/dev/aes.c
  CC        /home/csp/Desktop/contiki-ng/arch/cpu/cc2538/dev/ecb.c
  CC        /home/csp/Desktop/contiki-ng/arch/cpu/cc2538/dev/cbc.c
  CC        /home/csp/Desktop/contiki-ng/arch/cpu/cc2538/dev/ctr.c
  CC        /home/csp/Desktop/contiki-ng/arch/cpu/cc2538/dev/cbc-mac.c
  CC        /home/csp/Desktop/contiki-ng/arch/cpu/cc2538/dev/gcm.c
  CC        /home/csp/Desktop/contiki-ng/arch/cpu/cc2538/dev/ccm.c
  CC        /home/csp/Desktop/contiki-ng/arch/cpu/cc2538/dev/cc2538-sha-256.c
  CC        /home/csp/Desktop/contiki-ng/arch/cpu/cc2538/dev/gpio-hal-arch.c
  CC        /home/csp/Desktop/contiki-ng/arch/cpu/cc2538/dev/cc2538-aes-128.c
  CC        /home/csp/Desktop/contiki-ng/arch/cpu/cc2538/dev/cc2538-ccm-star.c
  CC        /home/csp/Desktop/contiki-ng/arch/cpu/cc2538/dev/cc2538-rf.c
  CC        /home/csp/Desktop/contiki-ng/arch/cpu/cc2538/dev/udma.c
  CC        /home/csp/Desktop/contiki-ng/arch/cpu/cc2538/./lpm.c
  CC        /home/csp/Desktop/contiki-ng/arch/cpu/cc2538/./int-master.c
  CC        /home/csp/Desktop/contiki-ng/arch/cpu/cc2538/dev/pka.c
  CC        /home/csp/Desktop/contiki-ng/arch/cpu/cc2538/dev/cc2538-ecc.c
  CC        /home/csp/Desktop/contiki-ng/arch/cpu/cc2538/./dbg.c
  MKDIR     build/cc2538dk/gen
  CC        /home/csp/Desktop/contiki-ng/arch/cpu/cc2538/./ieee-addr.c
  CC        /home/csp/Desktop/contiki-ng/arch/cpu/cc2538/./slip-arch.c
  CC        /home/csp/Desktop/contiki-ng/arch/cpu/cc2538/dev/i2c.c
  CC        /home/csp/Desktop/contiki-ng/arch/cpu/cc2538/dev/cc2538-temp-sensor.c
  CC        /home/csp/Desktop/contiki-ng/arch/cpu/cc2538/dev/vdd3-sensor.c
  CC        /home/csp/Desktop/contiki-ng/arch/cpu/cc2538/./cfs-coffee-arch.c
  CC        /home/csp/Desktop/contiki-ng/arch/cpu/cc2538/dev/pwm.c
  CC        /home/csp/Desktop/contiki-ng/arch/cpu/cc2538/dev/rom-util.c
  CC        /home/csp/Desktop/contiki-ng/arch/cpu/cc2538/./startup-gcc.c
  CC        /home/csp/Desktop/contiki-ng/arch/cpu/cc2538/dev/cc2538-prng.c
  CC        /home/csp/Desktop/contiki-ng/arch/cpu/cc2538/dev/cc2538-sram-seeder.c
  CC        /home/csp/Desktop/contiki-ng/arch/cpu/cc2538/usb/common/usb-core.c
  CC        /home/csp/Desktop/contiki-ng/arch/cpu/cc2538/usb/common/cdc-acm/cdc-acm.c
  CC        /home/csp/Desktop/contiki-ng/arch/cpu/cc2538/usb/usb-arch.c
  CC        /home/csp/Desktop/contiki-ng/arch/cpu/cc2538/usb/usb-serial.c
  CC        /home/csp/Desktop/contiki-ng/arch/cpu/cc2538/usb/cdc-acm-descriptors.c
  CC        /home/csp/Desktop/contiki-ng/os/contiki-main.c
  CC        /home/csp/Desktop/contiki-ng/os/dev/button-hal.c
  CC        /home/csp/Desktop/contiki-ng/os/dev/gpio-hal.c
  CC        /home/csp/Desktop/contiki-ng/os/dev/leds.c
  CC        /home/csp/Desktop/contiki-ng/os/dev/nullradio.c
  CC        /home/csp/Desktop/contiki-ng/os/dev/serial-line.c
  CC        /home/csp/Desktop/contiki-ng/os/dev/slip.c
  CC        /home/csp/Desktop/contiki-ng/os/dev/spi.c
  CC        /home/csp/Desktop/contiki-ng/os/lib/aes-128.c
  CC        /home/csp/Desktop/contiki-ng/os/lib/assert.c
  CC        /home/csp/Desktop/contiki-ng/os/lib/bitrev.c
  CC        /home/csp/Desktop/contiki-ng/os/lib/cbor.c
  CC        /home/csp/Desktop/contiki-ng/os/lib/ccm-star.c
  CC        /home/csp/Desktop/contiki-ng/os/lib/circular-list.c
  CC        /home/csp/Desktop/contiki-ng/os/lib/crc16.c
  CC        /home/csp/Desktop/contiki-ng/os/lib/csprng.c
  CC        /home/csp/Desktop/contiki-ng/os/lib/dbl-circ-list.c
  CC        /home/csp/Desktop/contiki-ng/os/lib/dbl-list.c
  CC        /home/csp/Desktop/contiki-ng/os/lib/ecc-curve.c
  CC        /home/csp/Desktop/contiki-ng/os/lib/heapmem.c
  CC        /home/csp/Desktop/contiki-ng/os/lib/hexconv.c
  CC        /home/csp/Desktop/contiki-ng/os/lib/ifft.c
  CC        /home/csp/Desktop/contiki-ng/os/lib/iq-seeder.c
  CC        /home/csp/Desktop/contiki-ng/os/lib/list.c
  CC        /home/csp/Desktop/contiki-ng/os/lib/memb.c
  CC        /home/csp/Desktop/contiki-ng/os/lib/random.c
  CC        /home/csp/Desktop/contiki-ng/os/lib/ringbuf.c
  CC        /home/csp/Desktop/contiki-ng/os/lib/ringbufindex.c
  CC        /home/csp/Desktop/contiki-ng/os/lib/sfc16-prng.c
  CC        /home/csp/Desktop/contiki-ng/os/lib/sfc32-prng.c
  CC        /home/csp/Desktop/contiki-ng/os/lib/sha-256.c
  CC        /home/csp/Desktop/contiki-ng/os/lib/trickle-timer.c
  CC        /home/csp/Desktop/contiki-ng/os/lib/dbg-io/printf.c
  CC        /home/csp/Desktop/contiki-ng/os/lib/dbg-io/putchar.c
  CC        /home/csp/Desktop/contiki-ng/os/lib/dbg-io/puts.c
  CC        /home/csp/Desktop/contiki-ng/os/lib/dbg-io/snprintf.c
  CC        /home/csp/Desktop/contiki-ng/os/lib/dbg-io/sprintf.c
  CC        /home/csp/Desktop/contiki-ng/os/lib/dbg-io/strformat.c
  CC        /home/csp/Desktop/contiki-ng/os/lib/newlib/syscalls.c
  CC        /home/csp/Desktop/contiki-ng/os/net/linkaddr.c
  CC        /home/csp/Desktop/contiki-ng/os/net/link-stats.c
  CC        /home/csp/Desktop/contiki-ng/os/net/nbr-table.c
  CC        /home/csp/Desktop/contiki-ng/os/net/net-debug.c
  CC        /home/csp/Desktop/contiki-ng/os/net/netstack.c
  CC        /home/csp/Desktop/contiki-ng/os/net/packetbuf.c
  CC        /home/csp/Desktop/contiki-ng/os/net/queuebuf.c
  CC        /home/csp/Desktop/contiki-ng/os/net/ipv6/ip64-addr.c
  CC        /home/csp/Desktop/contiki-ng/os/net/ipv6/psock.c
  CC        /home/csp/Desktop/contiki-ng/os/net/ipv6/sicslowpan.c
  CC        /home/csp/Desktop/contiki-ng/os/net/ipv6/simple-udp.c
  CC        /home/csp/Desktop/contiki-ng/os/net/ipv6/tcpip.c
  CC        /home/csp/Desktop/contiki-ng/os/net/ipv6/tcp-socket.c
  CC        /home/csp/Desktop/contiki-ng/os/net/ipv6/udp-socket.c
  CC        /home/csp/Desktop/contiki-ng/os/net/ipv6/uip6.c
  CC        /home/csp/Desktop/contiki-ng/os/net/ipv6/uipbuf.c
  CC        /home/csp/Desktop/contiki-ng/os/net/ipv6/uip-ds6.c
  CC        /home/csp/Desktop/contiki-ng/os/net/ipv6/uip-ds6-nbr.c
  CC        /home/csp/Desktop/contiki-ng/os/net/ipv6/uip-ds6-route.c
  CC        /home/csp/Desktop/contiki-ng/os/net/ipv6/uip-icmp6.c
  CC        /home/csp/Desktop/contiki-ng/os/net/ipv6/uiplib.c
  CC        /home/csp/Desktop/contiki-ng/os/net/ipv6/uip-nameserver.c
  CC        /home/csp/Desktop/contiki-ng/os/net/ipv6/uip-nd6.c
  CC        /home/csp/Desktop/contiki-ng/os/net/ipv6/uip-packetqueue.c
  CC        /home/csp/Desktop/contiki-ng/os/net/ipv6/uip-sr.c
  CC        /home/csp/Desktop/contiki-ng/os/net/ipv6/uip-udp-packet.c
  CC        /home/csp/Desktop/contiki-ng/os/net/mac/anti-replay.c
  CC        /home/csp/Desktop/contiki-ng/os/net/mac/ccm-star-packetbuf.c
  CC        /home/csp/Desktop/contiki-ng/os/net/mac/mac-sequence.c
  CC        /home/csp/Desktop/contiki-ng/os/net/mac/csma/csma.c
  CC        /home/csp/Desktop/contiki-ng/os/net/mac/csma/csma-output.c
  CC        /home/csp/Desktop/contiki-ng/os/net/mac/csma/csma-security.c
  CC        /home/csp/Desktop/contiki-ng/os/net/mac/framer/frame802154.c
  CC        /home/csp/Desktop/contiki-ng/os/net/mac/framer/frame802154e-ie.c
  CC        /home/csp/Desktop/contiki-ng/os/net/mac/framer/framer-802154.c
  CC        /home/csp/Desktop/contiki-ng/os/net/mac/framer/nullframer.c
  CC        /home/csp/Desktop/contiki-ng/os/net/routing/nullrouting/nullrouting.c
  CC        /home/csp/Desktop/contiki-ng/os/net/security/micro-ecc/uECC.c
  CC        /home/csp/Desktop/contiki-ng/os/storage/cfs/cfs-coffee.c
  CC        /home/csp/Desktop/contiki-ng/os/sys/atomic.c
  CC        /home/csp/Desktop/contiki-ng/os/sys/autostart.c
  CC        /home/csp/Desktop/contiki-ng/os/sys/compower.c
  CC        /home/csp/Desktop/contiki-ng/os/sys/ctimer.c
  CC        /home/csp/Desktop/contiki-ng/os/sys/energest.c
  CC        /home/csp/Desktop/contiki-ng/os/sys/etimer.c
  CC        /home/csp/Desktop/contiki-ng/os/sys/log.c
  CC        /home/csp/Desktop/contiki-ng/os/sys/mutex.c
  CC        /home/csp/Desktop/contiki-ng/os/sys/node-id.c
  CC        /home/csp/Desktop/contiki-ng/os/sys/process.c
  CC        /home/csp/Desktop/contiki-ng/os/sys/process-mutex.c
  CC        /home/csp/Desktop/contiki-ng/os/sys/rtimer.c
  CC        /home/csp/Desktop/contiki-ng/os/sys/stack-check.c
  CC        /home/csp/Desktop/contiki-ng/os/sys/stimer.c
  CC        /home/csp/Desktop/contiki-ng/os/sys/timer.c
  LD        build/cc2538dk/device_auth_main_footprint.cc2538dk
